<html>
<body>
<pre>
<h1>µVision Build Log</h1>
<h2>Tool Versions:</h2>
IDE-Version: ¦ÌVision V5.36.0.0
Copyright (C) 2021 ARM Ltd and ARM Germany GmbH. All rights reserved.
License Information: 1 2, 3, LIC=65ISZ-J3PZU-BSVYX-H15DW-QN60E-5QAH5
 
Tool Versions:
Toolchain:       MDK-ARM Plus  Version: 5.36.0.0
Toolchain Path:  D:\Keil_v5\ARM\ARMCLANG\Bin
C Compiler:      ArmClang.exe V6.16
Assembler:       Armasm.exe V6.16
Linker/Locator:  ArmLink.exe V6.16
Library Manager: ArmAr.exe V6.16
Hex Converter:   FromElf.exe V6.16
CPU DLL:         SARMCM3.DLL V5.36.0.0
Dialog DLL:      DCM.DLL V1.17.3.0
Target DLL:      Segger\JL2CM3.dll V2.99.40.0
Dialog DLL:      TCM.DLL V1.53.0.0
 
<h2>Project:</h2>
G:\KEIL_PROJ\RT1050\EVKB\GrblHAL-MIMXRT1052\hello_world.uvprojx
Project File Date:  12/29/2022

<h2>Output:</h2>
*** Using Compiler 'V6.16', folder: 'D:\Keil_v5\ARM\ARMCLANG\Bin'
Build target 'hello_world flexspi_nor_debug'
Note: source file '.\Grbl\Src\ioports.c' - object file renamed from 'flexspi_nor_debug\ioports.o' to 'flexspi_nor_debug\ioports_1.o'.
compiling http_upload.c...
compiling grbllib.c...
source/main.c(29): warning: implicit declaration of function 'time_isr' is invalid in C99 [-Wimplicit-function-declaration]
        time_isr();
        ^
1 warning generated.
compiling main.c...
compiling bsp_usb_vom.c...
compiling fs.c...
compiling ftpd.c...
compiling networking.c...
compiling telnetd.c...
compiling httpd.c...
compiling sfifo.c...
compiling websocketd.c...
compiling vfs.c...
compiling diskio.c...
compiling i2c.c...
compiling serial.c...
compiling ioports.c...
compiling usb_serial.c...
Grbl/Src/driver.c(2222): warning: incompatible function pointer types assigning to 'void (*)(void)' from 'unsigned int (void)' [-Wincompatible-function-pointer-types]
    hal.irq_disable = __disable_irq;
                    ^ ~~~~~~~~~~~~~
1 warning generated.
compiling driver.c...
compiling grbl_eth.c...
linking...
MIMXRT1052/arm/MIMXRT1052xxxxx_flexspi_nor.scf(40): warning: L6329W: Pattern *(*NonCacheable) only matches removed unused sections.
Program Size: Code=174844 RO-data=30968 RW-data=1344 ZI-data=320704  
Finished: 0 information, 1 warning and 0 error messages.
"flexspi_nor_debug\hello_world.out" - 0 Error(s), 3 Warning(s).

<h2>Software Packages used:</h2>

Package Vendor: NXP
                http://mcuxpresso.nxp.com/cmsis_pack/repo/NXP.MIMXRT1052_DFP.12.2.0.pack
                NXP.MIMXRT1052_DFP.12.2.0
                Device Family Pack for MIMXRT1052

<h2>Collection of Component include folders:</h2>
  D:\Keil_v5\Packs\NXP\MIMXRT1052_DFP\12.2.0

<h2>Collection of Component Files used:</h2>
Build Time Elapsed:  00:00:07
</pre>
</body>
</html>
