<html>
<body>
<pre>
<h1>µVision Build Log</h1>
<h2>Tool Versions:</h2>
IDE-Version: ¦ÌVision V5.36.0.0
Copyright (C) 2021 ARM Ltd and ARM Germany GmbH. All rights reserved.
License Information: 1 2, 3, LIC=65ISZ-J3PZU-BSVYX-H15DW-QN60E-5QAH5
 
Tool Versions:
Toolchain:       MDK-ARM Plus  Version: 5.36.0.0
Toolchain Path:  D:\Keil_v5\ARM\ARMCLANG\Bin
C Compiler:      ArmClang.exe V6.16
Assembler:       Armasm.exe V6.16
Linker/Locator:  ArmLink.exe V6.16
Library Manager: ArmAr.exe V6.16
Hex Converter:   FromElf.exe V6.16
CPU DLL:         SARMCM3.DLL V5.36.0.0
Dialog DLL:      DCM.DLL V1.17.3.0
Target DLL:      Segger\JL2CM3.dll V2.99.40.0
Dialog DLL:      TCM.DLL V1.53.0.0
 
<h2>Project:</h2>
G:\KEIL5_PROJ\RT1050\EVKB\GrblHAL-MIMXRT1052\hello_world.uvprojx
Project File Date:  08/27/2022

<h2>Output:</h2>
*** Using Compiler 'V6.16', folder: 'D:\Keil_v5\ARM\ARMCLANG\Bin'
Build target 'hello_world flexspi_nor_debug'
Note: source file '.\Grbl\Src\ioports.c' - object file renamed from 'flexspi_nor_debug\ioports.o' to 'flexspi_nor_debug\ioports_1.o'.
compiling dcd.c...
compiling board.c...
compiling system_MIMXRT1052.c...
compiling pin_mux.c...
compiling clock_config.c...
compiling fsl_adapter_lpuart.c...
compiling fsl_component_generic_list.c...
compiling fsl_common.c...
compiling fsl_common_arm.c...
compiling fsl_romapi.c...
compiling fsl_gpio.c...
compiling fsl_cache.c...
compiling fsl_gpt.c...
compiling fsl_qtmr.c...
compiling fsl_clock.c...
compiling fsl_lpuart.c...
compiling fsl_pit.c...
compiling flexspi_romapi_ops.c...
compiling bsp_nvic .c...
compiling bsp_tmr.c...
compiling main.c...
compiling bsp_pit.c...
compiling bsp_gpt.c...
compiling bsp_key_it.c...
compiling ring_fifo.c...
compiling bsp_uart.c...
compiling bsp_rx_data_queue.c...
compiling fsl_assert.c...
compiling evkbimxrt1050_flexspi_nor_config.c...
compiling fsl_flexspi_nor_boot.c...
compiling alarms.c...
compiling coolant_control.c...
compiling fsl_debug_console.c...
compiling corexy.c...
compiling errors.c...
compiling grbllib.c...
compiling ioports.c...
compiling maslow.c...
compiling my_plugin.c...
compiling ngc_expr.c...
compiling limits.c...
compiling motion_control.c...
compiling ngc_params.c...
compiling override.c...
compiling nuts_bolts.c...
compiling nvs_buffer.c...
compiling pid.c...
compiling gcode.c...
compiling regex.c...
compiling planner.c...
compiling protocol.c...
compiling sleep.c...
compiling spindle_control.c...
compiling state_machine.c...
compiling stream.c...
compiling settings.c...
compiling stepper.c...
compiling report.c...
compiling base64.c...
compiling wall_plotter.c...
compiling system.c...
compiling tool_change.c...
compiling fs.c...
compiling http_upload.c...
compiling ftpd.c...
compiling httpd.c...
compiling multipartparser.c...
compiling networking.c...
Grbl/networking/strutils.c(38): warning: In file included from...
./Grbl/networking/strutils.h(34): warning: '__STRUTILS_H__' is used as a header guard here, followed by #define of a different macro [-Wheader-guard]
#ifndef __STRUTILS_H__
        ^~~~~~~~~~~~~~
./Grbl/networking/strutils.h(35): note: '__STRUTILS_H___' is defined here; did you mean '__STRUTILS_H__'?
#define __STRUTILS_H___
        ^~~~~~~~~~~~~~~
        __STRUTILS_H__
1 warning generated.
compiling strutils.c...
compiling sha1.c...
compiling sfifo.c...
compiling urldecode.c...
compiling telnetd.c...
compiling vfs.c...
compiling utils.c...
compiling websocketd.c...
compiling cJSON.c...
compiling diskio.c...
compiling i2c.c...
compiling flash.c...
compiling usb_serial.c...
compiling serial.c...
compiling ioports.c...
Grbl/Src/driver.c(2151): warning: incompatible function pointer types assigning to 'void (*)(void)' from 'unsigned int (void)' [-Wincompatible-function-pointer-types]
    hal.irq_disable = __disable_irq;
                    ^ ~~~~~~~~~~~~~
1 warning generated.
compiling driver.c...
linking...
Program Size: Code=122204 RO-data=29032 RW-data=984 ZI-data=305804  
"flexspi_nor_debug\hello_world.out" - 0 Error(s), 2 Warning(s).

<h2>Software Packages used:</h2>

Package Vendor: NXP
                http://mcuxpresso.nxp.com/cmsis_pack/repo/NXP.MIMXRT1052_DFP.12.2.0.pack
                NXP.MIMXRT1052_DFP.12.2.0
                Device Family Pack for MIMXRT1052

<h2>Collection of Component include folders:</h2>
  D:\Keil_v5\Packs\NXP\MIMXRT1052_DFP\12.2.0

<h2>Collection of Component Files used:</h2>
Build Time Elapsed:  00:00:07
</pre>
</body>
</html>
